// Jest Snapshot v1, https://goo.gl/fbAQLP

exports[`render category title 1`] = `<div class="category-title"></div>`;
